[2026-05-21T18:54:42.436160] [SUCCESS] EMERGENCY REBOOT - Mode: normal
[2026-05-21T18:54:42.449717] [SUCCESS] EMERGENCY REBOOT - Mode: recovery
[2026-05-21T18:54:48.263023] [WARNING] EMERGENCY FULL - 3/6 steps OK
[2026-05-21T18:55:17.656977] [SUCCESS] EMERGENCY REBOOT - Mode: normal
[2026-05-21T18:55:17.707866] [SUCCESS] EMERGENCY REBOOT - Mode: recovery
[2026-05-21T18:55:23.544558] [WARNING] EMERGENCY FULL - 3/6 steps OK
[2026-05-21T18:56:00.627987] [SUCCESS] EMERGENCY REBOOT - Mode: normal
[2026-05-21T18:56:00.660146] [SUCCESS] EMERGENCY REBOOT - Mode: recovery
[2026-05-21T18:56:06.567087] [WARNING] EMERGENCY FULL - 3/6 steps OK
[2026-05-21T18:56:47.301126] [SUCCESS] EMERGENCY REBOOT - Mode: normal
[2026-05-21T18:56:47.365839] [SUCCESS] EMERGENCY REBOOT - Mode: recovery
[2026-05-21T18:56:55.567964] [WARNING] EMERGENCY FULL - 3/6 steps OK
[2026-05-21T18:58:20.606633] [SUCCESS] EMERGENCY REBOOT - Mode: normal
[2026-05-21T18:58:20.661773] [SUCCESS] EMERGENCY REBOOT - Mode: recovery
[2026-05-21T18:58:26.497523] [WARNING] EMERGENCY FULL - 3/6 steps OK
[2026-05-21T18:59:40.475828] [SUCCESS] EMERGENCY REBOOT - Mode: normal
[2026-05-21T18:59:40.506460] [SUCCESS] EMERGENCY REBOOT - Mode: recovery
[2026-05-21T18:59:46.272148] [WARNING] EMERGENCY FULL - 3/6 steps OK
[2026-05-21T19:00:51.664766] [SUCCESS] EMERGENCY REBOOT - Mode: normal
[2026-05-21T19:00:51.683583] [SUCCESS] EMERGENCY REBOOT - Mode: recovery
[2026-05-21T19:00:57.444089] [WARNING] EMERGENCY FULL - 3/6 steps OK
[2026-05-21T19:07:28.763593] [SUCCESS] EMERGENCY REBOOT - Mode: normal
[2026-05-21T19:07:28.806970] [SUCCESS] EMERGENCY REBOOT - Mode: recovery
[2026-05-21T19:07:36.150073] [WARNING] EMERGENCY FULL - 3/6 steps OK
[2026-05-21T19:13:30.015314] [SUCCESS] EMERGENCY REBOOT - Mode: normal
[2026-05-21T19:13:30.069769] [SUCCESS] EMERGENCY REBOOT - Mode: recovery
[2026-05-21T19:13:35.860900] [WARNING] EMERGENCY FULL - 3/6 steps OK
[2026-05-21T19:17:03.919077] [SUCCESS] EMERGENCY REBOOT - Mode: normal
[2026-05-21T19:17:03.981605] [SUCCESS] EMERGENCY REBOOT - Mode: recovery
[2026-05-21T19:17:09.833202] [WARNING] EMERGENCY FULL - 3/6 steps OK
[2026-05-21T19:28:06.020081] [SUCCESS] EMERGENCY REBOOT - Mode: normal
[2026-05-21T19:28:06.031426] [SUCCESS] EMERGENCY REBOOT - Mode: recovery
[2026-05-21T19:28:11.802721] [WARNING] EMERGENCY FULL - 3/6 steps OK
[2026-05-21T22:08:34.242331] [SUCCESS] EMERGENCY REBOOT - Mode: normal
[2026-05-21T22:08:34.255030] [SUCCESS] EMERGENCY REBOOT - Mode: recovery
[2026-05-21T22:08:40.018269] [WARNING] EMERGENCY FULL - 3/6 steps OK
[2026-05-21T22:09:51.623271] [SUCCESS] EMERGENCY REBOOT - Mode: normal
[2026-05-21T22:09:51.671989] [SUCCESS] EMERGENCY REBOOT - Mode: recovery
[2026-05-21T22:09:57.517028] [WARNING] EMERGENCY FULL - 3/6 steps OK
[2026-05-21T22:13:37.709631] [ERROR] FATAL - 'Logger' object has no attribute 'print_banner'
[2026-05-21T22:21:26.811287] [INFO] EXIT - Program ditutup user
[2026-05-22T00:55:38.569550] [SUCCESS] EMERGENCY REBOOT - Mode: normal
[2026-05-22T00:55:38.592516] [SUCCESS] EMERGENCY REBOOT - Mode: recovery
[2026-05-22T00:55:51.132506] [WARNING] EMERGENCY FULL - 3/6 steps OK
[2026-05-22T07:34:32.817917] [SUCCESS] SCAN DEVICE - Device: OZAYT4WGGMR849LR
[2026-05-22T09:08:37.690395] [SUCCESS] SCAN DEVICE - Device: OZAYT4WGGMR849LR
[2026-05-22T09:19:57.456655] [SUCCESS] SCAN DEVICE - Device: OZAYT4WGGMR849LR
[2026-05-22T09:26:26.925444] [INFO] SMART DIAGNOSTIC - Memulai diagnostic
[2026-05-22T09:26:47.686851] [SUCCESS] SMART DIAGNOSTIC - Arus:0.5A Tegangan:3.8V IC:BAIK Cache:2.0GB
[2026-05-22T09:26:57.931389] [INFO] CLEAN CACHE - Mode offline - panduan ditampilkan
[2026-05-22T11:54:32.992365] [WARNING] SCAN DEVICE - Tidak ada device
[2026-05-22T12:03:37.935907] [WARNING] SCAN DEVICE - Tidak ada device
[2026-05-22T13:01:38.281283] [INFO] SMART DIAGNOSTIC - Memulai diagnostic
[2026-05-22T13:01:46.667113] [SUCCESS] SMART DIAGNOSTIC - Arus:0.5A Tegangan:3.8V IC:BAIK Cache:2.0GB
[2026-05-22T13:09:16.209590] [INFO] SMART DIAGNOSTIC - Memulai diagnostic
[2026-05-22T13:09:46.175188] [SUCCESS] SCAN DEVICE - Device: OZAYT4WGGMR849LR
[2026-05-22T13:39:41.360683] [SUCCESS] SCAN DEVICE - Device: OZAYT4WGGMR849LR
[2026-05-22T13:40:44.794823] [INFO] SMART DIAGNOSTIC - Memulai diagnostic
[2026-05-22T13:48:47.575883] [SUCCESS] SCAN DEVICE - Device: OZAYT4WGGMR849LR
[2026-05-22T13:48:53.936393] [INFO] SMART DIAGNOSTIC - Memulai diagnostic
[2026-05-22T13:54:04.387850] [INFO] SMART DIAGNOSTIC - Memulai diagnostic
[2026-05-22T13:54:05.958049] [SUCCESS] SMART DIAGNOSTIC - Arus:0.0A Tegangan:3.983V IC:BAIK Cache:0.0GB
[2026-05-22T14:01:27.791490] [SUCCESS] SCAN DEVICE - Device: OZAYT4WGGMR849LR
[2026-05-22T14:01:32.087846] [INFO] SMART DIAGNOSTIC - Memulai diagnostic
[2026-05-22T14:01:33.831352] [SUCCESS] SMART DIAGNOSTIC - Arus:0.0A Tegangan:4.014V IC:BAIK Cache:0.0GB
[2026-05-22T14:40:58.129999] [SUCCESS] SCAN DEVICE - Device: OZAYT4WGGMR849LR
[2026-05-22T14:41:03.016935] [INFO] SMART DIAGNOSTIC - Memulai diagnostic
[2026-05-22T14:41:04.833217] [SUCCESS] SMART DIAGNOSTIC - Arus:0.0A Tegangan:3.997V IC:BAIK Cache:0.0GB
[2026-05-22T14:41:56.820945] [INFO] CLEAN CACHE - Mulai Level 1 - Soft Clean
[2026-05-22T14:43:14.415291] [SUCCESS] CLEAN CACHE - Level 1 - Soft Clean: 6 item, cache bersih
[2026-05-23T05:17:40.977584] [INFO] Smart Diagnostic - Memulai
[2026-05-23T05:17:41.847950] [INFO] SMART DIAGNOSTIC - Memulai diagnostic
